node.exe : 
[31mx[39m Build 
failed in 4.98s
At line:1 char:1
+ & "C:\Program Files
\nodejs/node.exe" 
"C:\Program 
Files\nodejs/node_mo 
...
+ ~~~~~~~~~~~~~~~~~~~
~~~~~~~~~~~~~~~~~~~~~
~~~~~~~~~~~~~~~~~~~~~
~~~~~~~~
    + CategoryInfo   
           : NotSpe  
  cified: ([31mx   
 [39m Build faile    
d in 4.98s:Strin    
g) [], RemoteExc    
eption
    + FullyQualified 
   ErrorId : Native  
  CommandError
 
[31merror during 
build:
[31m[vite:esbuild-tr
anspile] Transform 
failed with 1 error:
assets/index-!~{001}~
.js:9434:29: ERROR: 
Top-level await is 
not available in the 
configured target 
environment 
("chrome87", 
"edge88", "es2020", 
"firefox78", 
"safari14" + 2 
overrides)[31m
[33m
[33mTop-level await 
is not available in 
the configured 
target environment 
("chrome87", 
"edge88", "es2020", 
"firefox78", 
"safari14" + 2 
overrides)[33m
9432|  let analytics 
= null;
9433|  try {
9434|      const { 
getAnalytics } = 
await 
__vitePreload(async 
() => { const { 
getAnalytics } = 
await import('./index
.esm-!~{002}~.js');re
turn { getAnalytics }
},true?__VITE_PRELOAD
__:void 0);
   |                 
              ^
9435|      analytics 
= getAnalytics(app);
9436|  } catch (e) {
[31m
    at 
failureErrorWithLog (
E:\MCA\S4\Main_Projec
t_2\frontend\node_mod
ules\esbuild\lib\main
.js:1472:15)
    at E:\MCA\S4\Main
_Project_2\frontend\n
ode_modules\esbuild\l
ib\main.js:755:50
    at responseCallba
cks.<computed> (E:\MC
A\S4\Main_Project_2\f
rontend\node_modules\
esbuild\lib\main.js:6
22:9)
    at 
handleIncomingPacket 
(E:\MCA\S4\Main_Proje
ct_2\frontend\node_mo
dules\esbuild\lib\mai
n.js:677:12)
    at Socket.readFro
mStdout (E:\MCA\S4\Ma
in_Project_2\frontend
\node_modules\esbuild
\lib\main.js:600:7)
    at Socket.emit 
(node:events:519:28)
    at addChunk (node
:internal/streams/rea
dable:561:12)
    at readableAddChu
nkPushByteMode (node:
internal/streams/read
able:512:3)
    at Readable.push 
(node:internal/stream
s/readable:392:5)
    at 
Pipe.onStreamRead (no
de:internal/stream_ba
se_commons:189:23)[3
9m
